День: 2024-02-26
Количество игроков: 26
Количество кланов: 11
Кланы: 
______________________________
• Дети Джа
Победы: 3
Поражения: 0
Игроки: Теща | 100 KG VAZELINA
______________________________
______________________________
• Воины Света
Победы: 4
Поражения: 3
Игроки: Господь Бог | ReloaDeaD | StaGon | NcYellow
______________________________
______________________________
• Воины Тьмы
Победы: 1
Поражения: 0
Игроки: DARKWZ
______________________________
______________________________
• Fallen Heroes
Победы: 0
Поражения: 1
Игроки: KanycTa
______________________________
______________________________
• КРЕДо
Победы: 1
Поражения: 1
Игроки: Святой | iliza
______________________________
______________________________
• Орден Хранителей Света
Победы: 0
Поражения: 4
Игроки: Шмыговик | BIGBOSS | Beas
______________________________
______________________________
• Гильдия Убийц
Победы: 1
Поражения: 0
Игроки: Свин
______________________________
______________________________
• Невидимки
Победы: 0
Поражения: 1
Игроки: Орк лесоруб
______________________________
______________________________
• N.I.P
Победы: 0
Поражения: 1
Игроки: EvilDead
______________________________
______________________________
• Черная Гвардия
Победы: 0
Поражения: 1
Игроки: Bloodhelm23
______________________________
______________________________
• Цитадель
Победы: 3
Поражения: 1
Игроки: Кури Бамбук | Лесной Мастер
______________________________
